{
  "version": "1.5.0",
  "plugins_used": [
    {
      "name": "ArtifactoryDetector"
    },
    {
      "name": "AWSKeyDetector"
    },
    {
      "name": "AzureStorageKeyDetector"
    },
    {
      "name": "Base64HighEntropyString",
      "limit": 4.5
    },
    {
      "name": "BasicAuthDetector"
    },
    {
      "name": "CloudantDetector"
    },
    {
      "name": "DiscordBotTokenDetector"
    },
    {
      "name": "GitHubTokenDetector"
    },
    {
      "name": "GitLabTokenDetector"
    },
    {
      "name": "HexHighEntropyString",
      "limit": 3
    },
    {
      "name": "IbmCloudIamDetector"
    },
    {
      "name": "IbmCosHmacDetector"
    },
    {
      "name": "IPPublicDetector"
    },
    {
      "name": "JwtTokenDetector"
    },
    {
      "name": "KeywordDetector",
      "keyword_exclude": ""
    },
    {
      "name": "MailchimpDetector"
    },
    {
      "name": "NpmDetector"
    },
    {
      "name": "OpenAIDetector"
    },
    {
      "name": "PrivateKeyDetector"
    },
    {
      "name": "PypiTokenDetector"
    },
    {
      "name": "SendGridDetector"
    },
    {
      "name": "SlackDetector"
    },
    {
      "name": "SoftlayerDetector"
    },
    {
      "name": "SquareOAuthDetector"
    },
    {
      "name": "StripeDetector"
    },
    {
      "name": "TelegramBotTokenDetector"
    },
    {
      "name": "TwilioKeyDetector"
    }
  ],
  "filters_used": [
    {
      "path": "detect_secrets.filters.allowlist.is_line_allowlisted"
    },
    {
      "path": "detect_secrets.filters.common.is_baseline_file",
      "filename": ".secrets.baseline"
    },
    {
      "path": "detect_secrets.filters.common.is_ignored_due_to_verification_policies",
      "min_level": 2
    },
    {
      "path": "detect_secrets.filters.heuristic.is_indirect_reference"
    },
    {
      "path": "detect_secrets.filters.heuristic.is_likely_id_string"
    },
    {
      "path": "detect_secrets.filters.heuristic.is_lock_file"
    },
    {
      "path": "detect_secrets.filters.heuristic.is_not_alphanumeric_string"
    },
    {
      "path": "detect_secrets.filters.heuristic.is_potential_uuid"
    },
    {
      "path": "detect_secrets.filters.heuristic.is_prefixed_with_dollar_sign"
    },
    {
      "path": "detect_secrets.filters.heuristic.is_sequential_string"
    },
    {
      "path": "detect_secrets.filters.heuristic.is_swagger_file"
    },
    {
      "path": "detect_secrets.filters.heuristic.is_templated_secret"
    }
  ],
  "results": {
    "app/static/client/assets/index-GWboHFNh.js": [
      {
        "type": "Base64 High Entropy String",
        "filename": "app/static/client/assets/index-GWboHFNh.js",
        "hashed_secret": "4722320724dff6dd592eaf6472c2133471b78f8e",
        "is_verified": false,
        "line_number": 61,
        "is_secret": false
      }
    ],
    "scripts/verify_factor_link.py": [
      {
        "type": "Hex High Entropy String",
        "filename": "scripts/verify_factor_link.py",
        "hashed_secret": "3825b013b319144a446bda9ea400296a53520766",
        "is_verified": false,
        "line_number": 14,
        "is_secret": false
      }
    ],
    "scripts/verify_order_comparison.py": [
      {
        "type": "Hex High Entropy String",
        "filename": "scripts/verify_order_comparison.py",
        "hashed_secret": "b2927ab45cd35ab6e5f945753e8f49117947ded0",
        "is_verified": false,
        "line_number": 10,
        "is_secret": false
      }
    ],
    "scripts/verify_plan_review.py": [
      {
        "type": "Hex High Entropy String",
        "filename": "scripts/verify_plan_review.py",
        "hashed_secret": "f915f52c5cbe6c090c0f399b6baddbdaca547710",
        "is_verified": false,
        "line_number": 17,
        "is_secret": false
      },
      {
        "type": "Hex High Entropy String",
        "filename": "scripts/verify_plan_review.py",
        "hashed_secret": "71aa618bfc8d30596a4a1f621bf5cd71107a6a15",
        "is_verified": false,
        "line_number": 63,
        "is_secret": false
      }
    ],
    "tests/test_ai_conversations.py": [
      {
        "type": "Secret Keyword",
        "filename": "tests/test_ai_conversations.py",
        "hashed_secret": "7ce6ed3727ece51d2219f2bdc7f6db3594dc4d7f",
        "is_verified": false,
        "line_number": 267,
        "is_secret": false
      }
    ],
    "tests/test_ai_onboarding.py": [
      {
        "type": "Secret Keyword",
        "filename": "tests/test_ai_onboarding.py",
        "hashed_secret": "7ce6ed3727ece51d2219f2bdc7f6db3594dc4d7f",
        "is_verified": false,
        "line_number": 146,
        "is_secret": false
      }
    ],
    "tests/test_ai_provider.py": [
      {
        "type": "Basic Auth Credentials",
        "filename": "tests/test_ai_provider.py",
        "hashed_secret": "e5e9fa1ba31ecd1ae84f75caaa474f3a663f05f4",
        "is_verified": false,
        "line_number": 40,
        "is_secret": false
      },
      {
        "type": "Secret Keyword",
        "filename": "tests/test_ai_provider.py",
        "hashed_secret": "05e952b55e7aa03fb79f1db71a022f6a90ab336b",
        "is_verified": false,
        "line_number": 169,
        "is_secret": false
      }
    ],
    "tests/test_ai_workspace.py": [
      {
        "type": "Secret Keyword",
        "filename": "tests/test_ai_workspace.py",
        "hashed_secret": "7ce6ed3727ece51d2219f2bdc7f6db3594dc4d7f",
        "is_verified": false,
        "line_number": 35,
        "is_secret": false
      }
    ],
    "tests/test_import_mapping.py": [
      {
        "type": "Secret Keyword",
        "filename": "tests/test_import_mapping.py",
        "hashed_secret": "7ce6ed3727ece51d2219f2bdc7f6db3594dc4d7f",
        "is_verified": false,
        "line_number": 41,
        "is_secret": false
      }
    ],
    "tests/test_security.py": [
      {
        "type": "Secret Keyword",
        "filename": "tests/test_security.py",
        "hashed_secret": "a0f4ea7d91495df92bbac2e2149dfb850fe81396",
        "is_verified": false,
        "line_number": 229,
        "is_secret": false
      },
      {
        "type": "Basic Auth Credentials",
        "filename": "tests/test_security.py",
        "hashed_secret": "e5e9fa1ba31ecd1ae84f75caaa474f3a663f05f4",
        "is_verified": false,
        "line_number": 230,
        "is_secret": false
      }
    ]
  },
  "generated_at": "2026-10-09T16:26:30Z"
}
